quit = "q"
interrupt = "-"
paste = "ctrl+v"
help = "?"
command = ":"
settings = "comma"
redraw = "ctrl+l"
focus_next = "tab"
focus_prev = "shift+tab"
toggle_dnd = "ctrl+n"
toggle_mute = "alt+n"
jump_to = "ctrl+k"
jump_back = "ctrl+o"
jump_forward = "ctrl+i,alt+o"
jump = []
nav.up = "k,up"
nav.down = "j,down"
nav.back = "h,left,esc"
nav.open = "l,right,enter"
nav.page_up = "pgup"
nav.page_down = "pgdown"
nav.half_page_up = "ctrl+u"
nav.half_page_down = "ctrl+d"
nav.select_oldest = "gg"
nav.select_newest = "G"
nav.scroll_oldest = "home"
nav.scroll_newest = "end"
rail.name = "a"
rail.notify_rule = "b"
rail.mark_read = "m"
rooms.join = "J"
rooms.leave = "L"
rooms.accept = "y"
rooms.reject = "d"
rooms.people = "p"
rooms.view_media = "v"
rooms.name = "a"
rooms.notify_rule = "b"
rooms.mark_read = "m"
rooms.invite = "i"
rooms.spaces = "S"
rooms.mark_unread = "M"
rooms.spam = "!"
rooms.rename_thread = "alt+r"
rooms.list_threads = "ctrl+t"
sort.unread_first = "s u"
sort.mentions_first = "s m"
sort.drafts_first = "s d"
sort.recent = "s r"
sort.alphabetical = "s a"
search.room = "/"
search.all = "ctrl+f"
search.mentions = "@"
search.files = "gf"
search.jump = "enter"
search.scope = "tab"
search.close = "esc"
search.star = "*"
timeline.insert = "i"
timeline.reply = "r"
timeline.go_reply = "enter"
timeline.react = "e"
timeline.redact = "x"
timeline.edit = "E"
timeline.reveal = "z o"
timeline.next_mention = "m"
timeline.prev_mention = "M"
timeline.next_attachment = "f"
timeline.prev_attachment = "F"
timeline.prev_day = "["
timeline.next_day = "]"
timeline.name = "a"
timeline.notify_rule = "b"
timeline.copy_text = "yy"
timeline.copy_url = "yu"
timeline.open_url = "gx"
timeline.open_url_focus = "gX"
timeline.follow_link = "gl"
timeline.topic = "gt"
timeline.star = "*"
timeline.history = "H"
timeline.copy_code = "yc"
timeline.download = "s"
timeline.save_as = "S"
timeline.view_media = "v"
timeline.vote = "P"
timeline.play = "p"
timeline.open_thread = "t"
timeline.start_thread = "T"
timeline.list_threads = "ctrl+t"
timeline.rename_thread = "alt+r"
insert.send = "ctrl+enter,alt+enter"
insert.newline = "enter"
insert.cancel = "esc"
insert.attach = "alt+u"
insert.complete = "right"
insert.complete_all = "tab"
insert.model_preview = "alt+m"
insert.choose_1 = "alt+1"
insert.choose_2 = "alt+2"
insert.choose_3 = "alt+3"
insert.choose_4 = "alt+4"
insert.choose_5 = "alt+5"
edit.left = "left"
edit.right = "right"
edit.word_left = "ctrl+left,alt+left,alt+b"
edit.word_right = "ctrl+right,alt+right,alt+f"
edit.start = "home,ctrl+a"
edit.end = "end,ctrl+e"
edit.delete_back = "backspace"
edit.delete_forward = "delete"
edit.delete_word_back = "ctrl+w,ctrl+backspace,ctrl+h,alt+backspace"
edit.delete_word_forward = "ctrl+delete,alt+d"
edit.delete_to_start = "ctrl+u"
edit.delete_to_end = "ctrl+k"
edit.undo = "ctrl+z"
edit.redo = "ctrl+r"
edit.row_up = "up"
edit.row_down = "down"
completion.next = "ctrl+n,down"
completion.prev = "ctrl+p,up"
completion.accept = "tab,enter"
completion.dismiss = "esc"
emoji.open = "ctrl+e"
emoji.accept = "enter,tab"
emoji.cancel = "esc"
composer.external_edit = "alt+e"
composer.cut = "ctrl+x"
picker.filter = "i"
picker.name = "a"
picker.kick = "r"
picker.ban = "b"
picker.rename = "alt+r"
picker.toggle = "space"
picker.increase = "+"
picker.decrease = "minus"
picker.move_up = "K"
picker.move_down = "J"
picker.accept = "enter,tab"
picker.close = "esc"
react.send = "enter"
react.cancel = "esc"
react.pick_1 = "1"
react.pick_2 = "2"
react.pick_3 = "3"
react.pick_4 = "4"
react.pick_5 = "5"
react.pick_6 = "6"
react.pick_7 = "7"
react.pick_8 = "8"
react.pick_9 = "9"
react.pick_10 = "0"
player.play_pause = "space"
player.back = "["
player.forward = "]"
player.slower = "{"
player.faster = "}"
player.normal_speed = "="
player.save_speed = "w"
player.stop = "P"
verify.confirm = "y"
verify.cancel = "n,esc"
confirm.yes = "y"
confirm.no = "n,esc"
prompt.submit = "enter"
prompt.cancel = "esc"
spell.open = "z ="
spell.open_insert = "alt+s"
spell.skip = "s,space"
spell.add = "a"
spell.ignore = "i"
spell.stop = "esc"
spell.choose_1 = "1"
spell.choose_2 = "2"
spell.choose_3 = "3"
spell.choose_4 = "4"
spell.choose_5 = "5"
spell.choose_6 = "6"
spell.choose_7 = "7"
spell.choose_8 = "8"
spell.choose_9 = "9"
